---
source: src/tests.rs
expression: vm.messages
input_file: src/examples/valid/non-plot/float-to-int.ra
---
[
    "2",
    "\n",
]
