---
source: src/tests.rs
expression: vm.messages
input_file: src/examples/valid/hello-world.ra
---
[
    "Hello world!",
    "\n",
]
