---
source: src/tests.rs
expression: vm.messages
---
[
    "2",
    "\n",
]
