---
source: src/tests.rs
expression: res.unwrap_err()
---
[
     --> 2:3
      |
    2 |   a = [[1], [2, 3]];‚êä
      |   ^---------------^
      |
      = Expecting matrix with second dimmension being 2 but received 1,
]
