---
source: src/tests.rs
expression: res.unwrap_err()
---
[
     --> 2:7
      |
    2 |   if (a < 2) {␊
      |       ^
      |
      = Variable "a" was not declared,
]
