---
source: src/tests.rs
expression: ast
input_file: src/examples/valid/non-plot/while.ra
---
Main(([], [], [
    Assignment(false, Id(a), Integer(1)),
    While(BinaryOperation(Lt, Id(a), Integer(10)), [Assignment(false, Id(a), BinaryOperation(Sum, Id(a), Integer(1)))]),
    Write([Id(a)]),
]))
