---
source: src/tests.rs
expression: vm.messages
input_file: src/examples/valid/for.ra
---
[
    "1",
    "\n",
    "2",
    "\n",
    "3",
    "\n",
    "4",
    "\n",
    "5",
    "\n",
    "6",
    "\n",
    "7",
    "5",
    "\n",
]
