---
source: src/tests.rs
expression: res.unwrap_err()
---
[
     --> 6:3
      |
    6 |   test();␊
      |   ^----^
      |
      = Wrong args amount: Expected 1, but were given 0,
]
