---
source: src/tests.rs
expression: res.unwrap_err()
input_file: src/examples/invalid/dynamic/array-list-index.ra
---
Index out of range for array
