---
source: src/tests.rs
expression: res.unwrap_err()
input_file: src/examples/invalid/static/redefined-function.ra
---
[
     --> 5:1
      |
    5 | func test(): int {␊
      | ...
    7 | }␊
      | ^
      |
      = Function "test" was already declared before,
]
